// Jest Snapshot v1, https://goo.gl/fbAQLP

exports[`<PasswordField /> should presenter an error 1`] = `
<div
  className="form-group"
>
  <input
    className="form-control"
    placeholder="Enter Password"
    required={true}
    type="password"
    value="myPassword"
  />
  <span
    className="form_icon"
  >
    <i
      aria-hidden="true"
      className="fa_icon form-lock"
    />
  </span>
  <div
    className="invalid-feedback text-warning"
  />
</div>
`;

exports[`<PasswordField /> should render password 1`] = `
<div
  className="form-group"
>
  <input
    className="form-control"
    placeholder="Enter Password"
    required={true}
    type="password"
    value="myPassword"
  />
  <span
    className="form_icon"
  >
    <i
      aria-hidden="true"
      className="fa_icon form-lock"
    />
  </span>
  <div
    className="invalid-feedback text-warning"
  />
</div>
`;
